// Jest Snapshot v1, https://goo.gl/fbAQLP

exports[`renders section heading correctly 1`] = `
<div
  class="space-y-2 lg:space-y-3 mb-[1.875rem] md:mb-[3.25rem] section-heading primary"
  role="presentation"
>
  <span
    class="block text-[1.125rem] font-medium leading-[1.5] md:text-[1.5rem]  md:leading-[1.2] sub-title"
  >
    Sub Title
  </span>
  <h2
    class="text-[1.75rem] font-medium leading-[1.3] md:text-[3rem] md:font-bold md:leading-[1.1] title"
  >
    What Makes Us Different?
  </h2>
  <p
    class="mt-3 text-[.875rem] leading-[1.3] md:text-base lg:mt-5 description"
  >
    Lorem ipsum dolor, sit amet consectetur adipisicing elit. Dolorem est fugiat ea voluptatem rerum unde necessitatibus, eos ex maxime laborum?
  </p>
</div>
`;
