// Jest Snapshot v1, https://goo.gl/fbAQLP

exports[`Custom Image: Renders image with appropriate src 1`] = `
<img
  alt="Test Alt"
  data-nimg="1"
  decoding="async"
  height="400"
  loading="lazy"
  src="http://localhost/_next/image?url=https%3A%2F%2Fcpmr-islands.org%2Fwp-content%2Fuploads%2Fsites%2F4%2F2019%2F07%2FTest-Logo-Small-Black-transparent-1.png&w=828&q=75"
  srcset="/_next/image?url=https%3A%2F%2Fcpmr-islands.org%2Fwp-content%2Fuploads%2Fsites%2F4%2F2019%2F07%2FTest-Logo-Small-Black-transparent-1.png&w=640&q=75 1x, /_next/image?url=https%3A%2F%2Fcpmr-islands.org%2Fwp-content%2Fuploads%2Fsites%2F4%2F2019%2F07%2FTest-Logo-Small-Black-transparent-1.png&w=828&q=75 2x"
  style="color: transparent; background-size: cover; background-position: 50% 50%; background-repeat: no-repeat;"
  width="400"
/>
`;
