// Jest Snapshot v1, https://goo.gl/fbAQLP

exports[`renders cta button correctly 1`] = `
<a
  class="relative z-10 no-underline font-semibold text-base leading-[1.3] md:text-xl md:leading-[1.2] cta-button primary"
  href="/"
  target="_self"
>
  Cta button
</a>
`;
