// Jest Snapshot v1, https://goo.gl/fbAQLP

exports[`renders hero correctly 1`] = `
<section
  class="section-padding-primary flex min-h-screen items-center bg-black"
  role="presentation"
>
  <div
    class="container"
    role="presentation"
  >
    <div
      class="max-w-[1200px]"
    >
      <div
        class="space-y-12"
      >
        <h2
          class="2xl:text-5xl text-3xl text-white md:text-4xl"
        >
          Welcome to Nextjs typescript starter, the ultimate solution for building modern web applications with Next.js!
        </h2>
        <p
          class="text-xl text-white"
        >
          Our starter template is designed to give you a head start on your project, with all the tools you need to create a beautiful and responsive web application in no time. With Next.js, you can enjoy the benefits of server-side rendering and a streamlined development process, while still having the flexibility to use the front-end framework of your choice
        </p>
        <div
          class="inline-flex flex-wrap items-center gap-4"
        >
          <a
            class="inline-flex focus:outline-none focus-visible:outline-none focus:shadow-none focus-visible:shadow-none"
            href="/"
            target="_self"
          >
            <span
              aria-label="Server Side Example"
              class="relative z-10 group/button overflow-hidden inline-flex items-center justify-center gap-3 cursor-pointer text-white hover:text-white leading-[1.1] button bg-primary-text-white hover-bg-error-text-white sm"
            >
              <span>
                Server Side Example
              </span>
              <span
                class="absolute z-[-1] inset-0 invisible opacity-0 group-hover/button:visible group-hover/button:opacity-100 button-bg"
              />
            </span>
          </a>
          <a
            class="inline-flex focus:outline-none focus-visible:outline-none focus:shadow-none focus-visible:shadow-none"
            href="client-side"
            target="_self"
          >
            <span
              aria-label="Client Side Example"
              class="relative z-10 group/button overflow-hidden inline-flex items-center justify-center gap-3 cursor-pointer text-white hover:text-white leading-[1.1] button bg-warning-text-black hover-bg-error-text-white sm"
            >
              <span>
                Client Side Example
              </span>
              <span
                class="absolute z-[-1] inset-0 invisible opacity-0 group-hover/button:visible group-hover/button:opacity-100 button-bg"
              />
            </span>
          </a>
        </div>
      </div>
    </div>
  </div>
</section>
`;
